Copyright 1986-2022 Xilinx, Inc. All Rights Reserved. Copyright 2022-2023 Advanced Micro Devices, Inc. All Rights Reserved.
---------------------------------------------------------------------------------------------------------------------------------------------
| Tool Version : Vivado v.2023.1 (win64) Build 3865809 Sun May  7 15:05:29 MDT 2023
| Date         : Sun Aug 30 12:38:33 2026
| Host         : Erik running 64-bit major release  (build 9200)
| Command      : report_timing_summary -file C:/Users/erik3/Downloads/pcie_phy/fpga/impl_post_route_timing_summary.rpt
| Design       : phy_link_serial
| Device       : 7k70t-fbv676
| Speed File   : -1  PRODUCTION 1.12 2017-02-17
| Design State : Routed
---------------------------------------------------------------------------------------------------------------------------------------------

Timing Summary Report

------------------------------------------------------------------------------------------------
| Timer Settings
| --------------
------------------------------------------------------------------------------------------------

  Enable Multi Corner Analysis               :  Yes
  Enable Pessimism Removal                   :  Yes
  Pessimism Removal Resolution               :  Nearest Common Node
  Enable Input Delay Default Clock           :  No
  Enable Preset / Clear Arcs                 :  No
  Disable Flight Delays                      :  No
  Ignore I/O Paths                           :  No
  Timing Early Launch at Borrowing Latches   :  No
  Borrow Time for Max Delay Exceptions       :  Yes
  Merge Timing Exceptions                    :  Yes

  Corner  Analyze    Analyze    
  Name    Max Paths  Min Paths  
  ------  ---------  ---------  
  Slow    Yes        Yes        
  Fast    Yes        Yes        


------------------------------------------------------------------------------------------------
| Report Methodology
| ------------------
------------------------------------------------------------------------------------------------

No report available as report_methodology has not been run prior. Run report_methodology on the current design for the summary of methodology violations.



check_timing report

Table of Contents
-----------------
1. checking no_clock (0)
2. checking constant_clock (0)
3. checking pulse_width_clock (0)
4. checking unconstrained_internal_endpoints (0)
5. checking no_input_delay (21)
6. checking no_output_delay (78)
7. checking multiple_clock (0)
8. checking generated_clocks (0)
9. checking loops (0)
10. checking partial_input_delay (0)
11. checking partial_output_delay (0)
12. checking latch_loops (0)

1. checking no_clock (0)
------------------------
 There are 0 register/latch pins with no clock.


2. checking constant_clock (0)
------------------------------
 There are 0 register/latch pins with constant_clock.


3. checking pulse_width_clock (0)
---------------------------------
 There are 0 register/latch pins which need pulse_width check


4. checking unconstrained_internal_endpoints (0)
------------------------------------------------
 There are 0 pins that are not constrained for maximum delay.

 There are 0 pins that are not constrained for maximum delay due to constant clock.


5. checking no_input_delay (21)
-------------------------------
 There are 21 input ports with no input delay specified. (HIGH)

 There are 0 input ports with no input delay but user has a false path constraint.


6. checking no_output_delay (78)
--------------------------------
 There are 78 ports with no output delay specified. (HIGH)

 There are 0 ports with no output delay but user has a false path constraint

 There are 0 ports with no output delay but with a timing clock defined on it or propagating through it


7. checking multiple_clock (0)
------------------------------
 There are 0 register/latch pins with multiple clocks.


8. checking generated_clocks (0)
--------------------------------
 There are 0 generated clocks that are not connected to a clock source.


9. checking loops (0)
---------------------
 There are 0 combinational loops in the design.


10. checking partial_input_delay (0)
------------------------------------
 There are 0 input ports with partial input delay specified.


11. checking partial_output_delay (0)
-------------------------------------
 There are 0 ports with partial output delay specified.


12. checking latch_loops (0)
----------------------------
 There are 0 combinational latch loops in the design through latch input



------------------------------------------------------------------------------------------------
| Design Timing Summary
| ---------------------
------------------------------------------------------------------------------------------------

    WNS(ns)      TNS(ns)  TNS Failing Endpoints  TNS Total Endpoints      WHS(ns)      THS(ns)  THS Failing Endpoints  THS Total Endpoints     WPWS(ns)     TPWS(ns)  TPWS Failing Endpoints  TPWS Total Endpoints  
    -------      -------  ---------------------  -------------------      -------      -------  ---------------------  -------------------     --------     --------  ----------------------  --------------------  
      3.332        0.000                      0                 1563        0.050        0.000                      0                 1563        3.600        0.000                       0                   691  


All user specified timing constraints are met.


------------------------------------------------------------------------------------------------
| Clock Summary
| -------------
------------------------------------------------------------------------------------------------

Clock  Waveform(ns)         Period(ns)      Frequency(MHz)
-----  ------------         ----------      --------------
clk    {0.000 4.000}        8.000           125.000         


------------------------------------------------------------------------------------------------
| Intra Clock Table
| -----------------
------------------------------------------------------------------------------------------------

Clock             WNS(ns)      TNS(ns)  TNS Failing Endpoints  TNS Total Endpoints      WHS(ns)      THS(ns)  THS Failing Endpoints  THS Total Endpoints     WPWS(ns)     TPWS(ns)  TPWS Failing Endpoints  TPWS Total Endpoints  
-----             -------      -------  ---------------------  -------------------      -------      -------  ---------------------  -------------------     --------     --------  ----------------------  --------------------  
clk                 3.332        0.000                      0                 1563        0.050        0.000                      0                 1563        3.600        0.000                       0                   691  


------------------------------------------------------------------------------------------------
| Inter Clock Table
| -----------------
------------------------------------------------------------------------------------------------

From Clock    To Clock          WNS(ns)      TNS(ns)  TNS Failing Endpoints  TNS Total Endpoints      WHS(ns)      THS(ns)  THS Failing Endpoints  THS Total Endpoints  
----------    --------          -------      -------  ---------------------  -------------------      -------      -------  ---------------------  -------------------  


------------------------------------------------------------------------------------------------
| Other Path Groups Table
| -----------------------
------------------------------------------------------------------------------------------------

Path Group    From Clock    To Clock          WNS(ns)      TNS(ns)  TNS Failing Endpoints  TNS Total Endpoints      WHS(ns)      THS(ns)  THS Failing Endpoints  THS Total Endpoints  
----------    ----------    --------          -------      -------  ---------------------  -------------------      -------      -------  ---------------------  -------------------  


------------------------------------------------------------------------------------------------
| Timing Details
| --------------
------------------------------------------------------------------------------------------------


---------------------------------------------------------------------------------------------------
From Clock:  clk
  To Clock:  clk

Setup :            0  Failing Endpoints,  Worst Slack        3.332ns,  Total Violation        0.000ns
Hold  :            0  Failing Endpoints,  Worst Slack        0.050ns,  Total Violation        0.000ns
PW    :            0  Failing Endpoints,  Worst Slack        3.600ns,  Total Violation        0.000ns
---------------------------------------------------------------------------------------------------


Max Delay Paths
--------------------------------------------------------------------------------------
Slack (MET) :             3.332ns  (required time - arrival time)
  Source:                 u_a/u_scr/data_out_reg[1]/C
                            (rising edge-triggered cell FDRE clocked by clk  {rise@0.000ns fall@4.000ns period=8.000ns})
  Destination:            u_a/u_enc/data_out_reg[3]/D
                            (rising edge-triggered cell FDRE clocked by clk  {rise@0.000ns fall@4.000ns period=8.000ns})
  Path Group:             clk
  Path Type:              Setup (Max at Slow Process Corner)
  Requirement:            8.000ns  (clk rise@8.000ns - clk rise@0.000ns)
  Data Path Delay:        4.546ns  (logic 0.754ns (16.588%)  route 3.792ns (83.412%))
  Logic Levels:           6  (LUT3=1 LUT5=2 LUT6=3)
  Clock Path Skew:        -0.089ns (DCD - SCD + CPR)
    Destination Clock Delay (DCD):    3.895ns = ( 11.895 - 8.000 ) 
    Source Clock Delay      (SCD):    4.235ns
    Clock Pessimism Removal (CPR):    0.251ns
  Clock Uncertainty:      0.035ns  ((TSJ^2 + TIJ^2)^1/2 + DJ) / 2 + PE
    Total System Jitter     (TSJ):    0.071ns
    Total Input Jitter      (TIJ):    0.000ns
    Discrete Jitter          (DJ):    0.000ns
    Phase Error              (PE):    0.000ns

    Location             Delay type                Incr(ns)  Path(ns)    Netlist Resource(s)
  -------------------------------------------------------------------    -------------------
                         (clock clk rise edge)        0.000     0.000 r  
    D23                                               0.000     0.000 r  clk (IN)
                         net (fo=0)                   0.000     0.000    clk
    D23                  IBUF (Prop_ibuf_I_O)         0.892     0.892 r  clk_IBUF_inst/O
                         net (fo=1, routed)           1.764     2.656    clk_IBUF
    BUFGCTRL_X0Y0        BUFG (Prop_bufg_I_O)         0.120     2.776 r  clk_IBUF_BUFG_inst/O
                         net (fo=690, routed)         1.459     4.235    u_a/u_scr/clk_IBUF_BUFG
    SLICE_X2Y92          FDRE                                         r  u_a/u_scr/data_out_reg[1]/C
  -------------------------------------------------------------------    -------------------
    SLICE_X2Y92          FDRE (Prop_fdre_C_Q)         0.308     4.543 r  u_a/u_scr/data_out_reg[1]/Q
                         net (fo=16, routed)          0.853     5.395    u_a/u_scr/s_data[1]
    SLICE_X5Y94          LUT5 (Prop_lut5_I1_O)        0.064     5.459 r  u_a/u_scr/g0_b2/O
                         net (fo=5, routed)           0.586     6.045    u_a/u_scr/p_0_in0_in
    SLICE_X6Y93          LUT6 (Prop_lut6_I1_O)        0.170     6.215 r  u_a/u_scr/data_out[9]_i_7/O
                         net (fo=6, routed)           0.411     6.626    u_a/u_scr/data_out[9]_i_7_n_0
    SLICE_X7Y92          LUT6 (Prop_lut6_I1_O)        0.053     6.679 f  u_a/u_scr/data_out[2]_i_5__0/O
                         net (fo=1, routed)           0.572     7.251    u_a/u_scr/data_out[2]_i_5__0_n_0
    SLICE_X7Y92          LUT6 (Prop_lut6_I1_O)        0.053     7.304 r  u_a/u_scr/data_out[2]_i_2__1/O
                         net (fo=5, routed)           0.628     7.932    u_a/u_scr/data_out[2]_i_2__1_n_0
    SLICE_X8Y95          LUT5 (Prop_lut5_I1_O)        0.053     7.985 r  u_a/u_scr/data_out[3]_i_3__0/O
                         net (fo=1, routed)           0.456     8.441    u_a/u_scr/data_out[3]_i_3__0_n_0
    SLICE_X8Y95          LUT3 (Prop_lut3_I1_O)        0.053     8.494 r  u_a/u_scr/data_out[3]_i_1__5/O
                         net (fo=1, routed)           0.287     8.780    u_a/u_enc/D[3]
    SLICE_X8Y95          FDRE                                         r  u_a/u_enc/data_out_reg[3]/D
  -------------------------------------------------------------------    -------------------

                         (clock clk rise edge)        8.000     8.000 r  
    D23                                               0.000     8.000 r  clk (IN)
                         net (fo=0)                   0.000     8.000    clk
    D23                  IBUF (Prop_ibuf_I_O)         0.815     8.815 r  clk_IBUF_inst/O
                         net (fo=1, routed)           1.679    10.494    clk_IBUF
    BUFGCTRL_X0Y0        BUFG (Prop_bufg_I_O)         0.113    10.607 r  clk_IBUF_BUFG_inst/O
                         net (fo=690, routed)         1.288    11.895    u_a/u_enc/clk_IBUF_BUFG
    SLICE_X8Y95          FDRE                                         r  u_a/u_enc/data_out_reg[3]/C
                         clock pessimism              0.251    12.146    
                         clock uncertainty           -0.035    12.111    
    SLICE_X8Y95          FDRE (Setup_fdre_C_D)        0.002    12.113    u_a/u_enc/data_out_reg[3]
  -------------------------------------------------------------------
                         required time                         12.113    
                         arrival time                          -8.780    
  -------------------------------------------------------------------
                         slack                                  3.332    





Min Delay Paths
--------------------------------------------------------------------------------------
Slack (MET) :             0.050ns  (arrival time - required time)
  Source:                 u_b/u_ltssm/my_link_reg[7]/C
                            (rising edge-triggered cell FDRE clocked by clk  {rise@0.000ns fall@4.000ns period=8.000ns})
  Destination:            u_b/u_gen/link_r_reg[7]/D
                            (rising edge-triggered cell FDRE clocked by clk  {rise@0.000ns fall@4.000ns period=8.000ns})
  Path Group:             clk
  Path Type:              Hold (Min at Fast Process Corner)
  Requirement:            0.000ns  (clk rise@0.000ns - clk rise@0.000ns)
  Data Path Delay:        0.272ns  (logic 0.107ns (39.325%)  route 0.165ns (60.675%))
  Logic Levels:           0  
  Clock Path Skew:        0.214ns (DCD - SCD - CPR)
    Destination Clock Delay (DCD):    1.925ns
    Source Clock Delay      (SCD):    1.395ns
    Clock Pessimism Removal (CPR):    0.316ns

    Location             Delay type                Incr(ns)  Path(ns)    Netlist Resource(s)
  -------------------------------------------------------------------    -------------------
                         (clock clk rise edge)        0.000     0.000 r  
    D23                                               0.000     0.000 r  clk (IN)
                         net (fo=0)                   0.000     0.000    clk
    D23                  IBUF (Prop_ibuf_I_O)         0.155     0.155 r  clk_IBUF_inst/O
                         net (fo=1, routed)           0.676     0.831    clk_IBUF
    BUFGCTRL_X0Y0        BUFG (Prop_bufg_I_O)         0.026     0.857 r  clk_IBUF_BUFG_inst/O
                         net (fo=690, routed)         0.538     1.395    u_b/u_ltssm/clk_IBUF_BUFG
    SLICE_X8Y100         FDRE                                         r  u_b/u_ltssm/my_link_reg[7]/C
  -------------------------------------------------------------------    -------------------
    SLICE_X8Y100         FDRE (Prop_fdre_C_Q)         0.107     1.502 r  u_b/u_ltssm/my_link_reg[7]/Q
                         net (fo=2, routed)           0.165     1.667    u_b/u_gen/link_r_reg[7]_0[7]
    SLICE_X9Y99          FDRE                                         r  u_b/u_gen/link_r_reg[7]/D
  -------------------------------------------------------------------    -------------------

                         (clock clk rise edge)        0.000     0.000 r  
    D23                                               0.000     0.000 r  clk (IN)
                         net (fo=0)                   0.000     0.000    clk
    D23                  IBUF (Prop_ibuf_I_O)         0.404     0.404 r  clk_IBUF_inst/O
                         net (fo=1, routed)           0.739     1.143    clk_IBUF
    BUFGCTRL_X0Y0        BUFG (Prop_bufg_I_O)         0.030     1.173 r  clk_IBUF_BUFG_inst/O
                         net (fo=690, routed)         0.752     1.925    u_b/u_gen/clk_IBUF_BUFG
    SLICE_X9Y99          FDRE                                         r  u_b/u_gen/link_r_reg[7]/C
                         clock pessimism             -0.316     1.609    
    SLICE_X9Y99          FDRE (Hold_fdre_C_D)         0.008     1.617    u_b/u_gen/link_r_reg[7]
  -------------------------------------------------------------------
                         required time                         -1.617    
                         arrival time                           1.667    
  -------------------------------------------------------------------
                         slack                                  0.050    





Pulse Width Checks
--------------------------------------------------------------------------------------
Clock Name:         clk
Waveform(ns):       { 0.000 4.000 }
Period(ns):         8.000
Sources:            { clk }

Check Type        Corner  Lib Pin  Reference Pin  Required(ns)  Actual(ns)  Slack(ns)  Location       Pin
Min Period        n/a     BUFG/I   n/a            1.600         8.000       6.400      BUFGCTRL_X0Y0  clk_IBUF_BUFG_inst/I
Low Pulse Width   Slow    FDRE/C   n/a            0.400         4.000       3.600      SLICE_X18Y91   u_a/u_descr/u_scrambler/data_out_reg[1]/C
High Pulse Width  Slow    FDRE/C   n/a            0.350         4.000       3.650      SLICE_X8Y92    u_a/l0_data_reg/C



