Copyright 1986-2022 Xilinx, Inc. All Rights Reserved. Copyright 2022-2023 Advanced Micro Devices, Inc. All Rights Reserved.
---------------------------------------------------------------------------------------------------------------------------------------------
| Tool Version : Vivado v.2023.1 (win64) Build 3865809 Sun May  7 15:05:29 MDT 2023
| Date         : Sun Aug 30 12:38:15 2026
| Host         : Erik running 64-bit major release  (build 9200)
| Command      : report_timing_summary -file C:/Users/erik3/Downloads/pcie_phy/fpga/impl_post_opt_timing_summary.rpt
| Design       : phy_link_serial
| Device       : 7k70t-fbv676
| Speed File   : -1  PRODUCTION 1.12 2017-02-17
| Design State : Optimized
---------------------------------------------------------------------------------------------------------------------------------------------

Timing Summary Report

------------------------------------------------------------------------------------------------
| Timer Settings
| --------------
------------------------------------------------------------------------------------------------

  Enable Multi Corner Analysis               :  Yes
  Enable Pessimism Removal                   :  Yes
  Pessimism Removal Resolution               :  Nearest Common Node
  Enable Input Delay Default Clock           :  No
  Enable Preset / Clear Arcs                 :  No
  Disable Flight Delays                      :  No
  Ignore I/O Paths                           :  No
  Timing Early Launch at Borrowing Latches   :  No
  Borrow Time for Max Delay Exceptions       :  Yes
  Merge Timing Exceptions                    :  Yes

  Corner  Analyze    Analyze    
  Name    Max Paths  Min Paths  
  ------  ---------  ---------  
  Slow    Yes        Yes        
  Fast    Yes        Yes        


------------------------------------------------------------------------------------------------
| Report Methodology
| ------------------
------------------------------------------------------------------------------------------------

No report available as report_methodology has not been run prior. Run report_methodology on the current design for the summary of methodology violations.



check_timing report

Table of Contents
-----------------
1. checking no_clock (0)
2. checking constant_clock (0)
3. checking pulse_width_clock (0)
4. checking unconstrained_internal_endpoints (0)
5. checking no_input_delay (21)
6. checking no_output_delay (78)
7. checking multiple_clock (0)
8. checking generated_clocks (0)
9. checking loops (0)
10. checking partial_input_delay (0)
11. checking partial_output_delay (0)
12. checking latch_loops (0)

1. checking no_clock (0)
------------------------
 There are 0 register/latch pins with no clock.


2. checking constant_clock (0)
------------------------------
 There are 0 register/latch pins with constant_clock.


3. checking pulse_width_clock (0)
---------------------------------
 There are 0 register/latch pins which need pulse_width check


4. checking unconstrained_internal_endpoints (0)
------------------------------------------------
 There are 0 pins that are not constrained for maximum delay.

 There are 0 pins that are not constrained for maximum delay due to constant clock.


5. checking no_input_delay (21)
-------------------------------
 There are 21 input ports with no input delay specified. (HIGH)

 There are 0 input ports with no input delay but user has a false path constraint.


6. checking no_output_delay (78)
--------------------------------
 There are 78 ports with no output delay specified. (HIGH)

 There are 0 ports with no output delay but user has a false path constraint

 There are 0 ports with no output delay but with a timing clock defined on it or propagating through it


7. checking multiple_clock (0)
------------------------------
 There are 0 register/latch pins with multiple clocks.


8. checking generated_clocks (0)
--------------------------------
 There are 0 generated clocks that are not connected to a clock source.


9. checking loops (0)
---------------------
 There are 0 combinational loops in the design.


10. checking partial_input_delay (0)
------------------------------------
 There are 0 input ports with partial input delay specified.


11. checking partial_output_delay (0)
-------------------------------------
 There are 0 ports with partial output delay specified.


12. checking latch_loops (0)
----------------------------
 There are 0 combinational latch loops in the design through latch input



------------------------------------------------------------------------------------------------
| Design Timing Summary
| ---------------------
------------------------------------------------------------------------------------------------

    WNS(ns)      TNS(ns)  TNS Failing Endpoints  TNS Total Endpoints      WHS(ns)      THS(ns)  THS Failing Endpoints  THS Total Endpoints     WPWS(ns)     TPWS(ns)  TPWS Failing Endpoints  TPWS Total Endpoints  
    -------      -------  ---------------------  -------------------      -------      -------  ---------------------  -------------------     --------     --------  ----------------------  --------------------  
      4.124        0.000                      0                 1563        0.056        0.000                      0                 1563        3.650        0.000                       0                   691  


All user specified timing constraints are met.


------------------------------------------------------------------------------------------------
| Clock Summary
| -------------
------------------------------------------------------------------------------------------------

Clock  Waveform(ns)         Period(ns)      Frequency(MHz)
-----  ------------         ----------      --------------
clk    {0.000 4.000}        8.000           125.000         


------------------------------------------------------------------------------------------------
| Intra Clock Table
| -----------------
------------------------------------------------------------------------------------------------

Clock             WNS(ns)      TNS(ns)  TNS Failing Endpoints  TNS Total Endpoints      WHS(ns)      THS(ns)  THS Failing Endpoints  THS Total Endpoints     WPWS(ns)     TPWS(ns)  TPWS Failing Endpoints  TPWS Total Endpoints  
-----             -------      -------  ---------------------  -------------------      -------      -------  ---------------------  -------------------     --------     --------  ----------------------  --------------------  
clk                 4.124        0.000                      0                 1563        0.056        0.000                      0                 1563        3.650        0.000                       0                   691  


------------------------------------------------------------------------------------------------
| Inter Clock Table
| -----------------
------------------------------------------------------------------------------------------------

From Clock    To Clock          WNS(ns)      TNS(ns)  TNS Failing Endpoints  TNS Total Endpoints      WHS(ns)      THS(ns)  THS Failing Endpoints  THS Total Endpoints  
----------    --------          -------      -------  ---------------------  -------------------      -------      -------  ---------------------  -------------------  


------------------------------------------------------------------------------------------------
| Other Path Groups Table
| -----------------------
------------------------------------------------------------------------------------------------

Path Group    From Clock    To Clock          WNS(ns)      TNS(ns)  TNS Failing Endpoints  TNS Total Endpoints      WHS(ns)      THS(ns)  THS Failing Endpoints  THS Total Endpoints  
----------    ----------    --------          -------      -------  ---------------------  -------------------      -------      -------  ---------------------  -------------------  


------------------------------------------------------------------------------------------------
| Timing Details
| --------------
------------------------------------------------------------------------------------------------


---------------------------------------------------------------------------------------------------
From Clock:  clk
  To Clock:  clk

Setup :            0  Failing Endpoints,  Worst Slack        4.124ns,  Total Violation        0.000ns
Hold  :            0  Failing Endpoints,  Worst Slack        0.056ns,  Total Violation        0.000ns
PW    :            0  Failing Endpoints,  Worst Slack        3.650ns,  Total Violation        0.000ns
---------------------------------------------------------------------------------------------------


Max Delay Paths
--------------------------------------------------------------------------------------
Slack (MET) :             4.124ns  (required time - arrival time)
  Source:                 u_b/u_ltssm/err_cnt_reg[12]/C
                            (rising edge-triggered cell FDRE clocked by clk  {rise@0.000ns fall@4.000ns period=8.000ns})
  Destination:            u_b/u_ltssm/rx_cnt_reg[0]/R
                            (rising edge-triggered cell FDRE clocked by clk  {rise@0.000ns fall@4.000ns period=8.000ns})
  Path Group:             clk
  Path Type:              Setup (Max at Slow Process Corner)
  Requirement:            8.000ns  (clk rise@8.000ns - clk rise@0.000ns)
  Data Path Delay:        3.326ns  (logic 0.637ns (19.152%)  route 2.689ns (80.848%))
  Logic Levels:           5  (LUT5=1 LUT6=4)
  Clock Path Skew:        -0.145ns (DCD - SCD + CPR)
    Destination Clock Delay (DCD):    1.860ns = ( 9.860 - 8.000 ) 
    Source Clock Delay      (SCD):    2.117ns
    Clock Pessimism Removal (CPR):    0.112ns
  Clock Uncertainty:      0.035ns  ((TSJ^2 + TIJ^2)^1/2 + DJ) / 2 + PE
    Total System Jitter     (TSJ):    0.071ns
    Total Input Jitter      (TIJ):    0.000ns
    Discrete Jitter          (DJ):    0.000ns
    Phase Error              (PE):    0.000ns

    Location             Delay type                Incr(ns)  Path(ns)    Netlist Resource(s)
  -------------------------------------------------------------------    -------------------
                         (clock clk rise edge)        0.000     0.000 r  
                                                      0.000     0.000 r  clk (IN)
                         net (fo=0)                   0.000     0.000    clk
                         IBUF (Prop_ibuf_I_O)         0.830     0.830 r  clk_IBUF_inst/O
                         net (fo=1, unplaced)         0.584     1.413    clk_IBUF
                         BUFG (Prop_bufg_I_O)         0.120     1.533 r  clk_IBUF_BUFG_inst/O
                         net (fo=690, unplaced)       0.584     2.117    u_b/u_ltssm/clk_IBUF_BUFG
                         FDRE                                         r  u_b/u_ltssm/err_cnt_reg[12]/C
  -------------------------------------------------------------------    -------------------
                         FDRE (Prop_fdre_C_Q)         0.269     2.386 r  u_b/u_ltssm/err_cnt_reg[12]/Q
                         net (fo=2, unplaced)         0.669     3.055    u_b/u_ltssm/err_cnt_reg[12]
                         LUT6 (Prop_lut6_I0_O)        0.153     3.208 r  u_b/u_ltssm/state[2]_i_10/O
                         net (fo=1, unplaced)         0.310     3.518    u_b/u_ltssm/state[2]_i_10_n_0
                         LUT6 (Prop_lut6_I0_O)        0.053     3.571 r  u_b/u_ltssm/state[2]_i_8/O
                         net (fo=2, unplaced)         0.351     3.922    u_b/u_parser/tx_after[0]_i_4__0
                         LUT5 (Prop_lut5_I4_O)        0.056     3.978 r  u_b/u_parser/tx_after[0]_i_8__0/O
                         net (fo=1, unplaced)         0.340     4.318    u_b/u_ltssm/rx_cnt_reg[0]_2
                         LUT6 (Prop_lut6_I5_O)        0.053     4.371 f  u_b/u_ltssm/tx_after[0]_i_4__0/O
                         net (fo=2, unplaced)         0.351     4.722    u_b/u_ltssm/tx_after[0]_i_4__0_n_0
                         LUT6 (Prop_lut6_I0_O)        0.053     4.775 r  u_b/u_ltssm/tx_after[0]_i_1__0/O
                         net (fo=32, unplaced)        0.668     5.443    u_b/u_ltssm/tx_after
                         FDRE                                         r  u_b/u_ltssm/rx_cnt_reg[0]/R
  -------------------------------------------------------------------    -------------------

                         (clock clk rise edge)        8.000     8.000 r  
                                                      0.000     8.000 r  clk (IN)
                         net (fo=0)                   0.000     8.000    clk
                         IBUF (Prop_ibuf_I_O)         0.754     8.754 r  clk_IBUF_inst/O
                         net (fo=1, unplaced)         0.554     9.308    clk_IBUF
                         BUFG (Prop_bufg_I_O)         0.113     9.421 r  clk_IBUF_BUFG_inst/O
                         net (fo=690, unplaced)       0.439     9.860    u_b/u_ltssm/clk_IBUF_BUFG
                         FDRE                                         r  u_b/u_ltssm/rx_cnt_reg[0]/C
                         clock pessimism              0.112     9.972    
                         clock uncertainty           -0.035     9.937    
                         FDRE (Setup_fdre_C_R)       -0.370     9.567    u_b/u_ltssm/rx_cnt_reg[0]
  -------------------------------------------------------------------
                         required time                          9.567    
                         arrival time                          -5.443    
  -------------------------------------------------------------------
                         slack                                  4.124    





Min Delay Paths
--------------------------------------------------------------------------------------
Slack (MET) :             0.056ns  (arrival time - required time)
  Source:                 u_a/u_descr/u_scrambler/lfsr_reg[4]/C
                            (rising edge-triggered cell FDSE clocked by clk  {rise@0.000ns fall@4.000ns period=8.000ns})
  Destination:            u_a/u_descr/u_scrambler/lfsr_reg[12]/D
                            (rising edge-triggered cell FDSE clocked by clk  {rise@0.000ns fall@4.000ns period=8.000ns})
  Path Group:             clk
  Path Type:              Hold (Min at Fast Process Corner)
  Requirement:            0.000ns  (clk rise@0.000ns - clk rise@0.000ns)
  Data Path Delay:        0.266ns  (logic 0.164ns (61.652%)  route 0.102ns (38.348%))
  Logic Levels:           1  (LUT2=1)
  Clock Path Skew:        0.145ns (DCD - SCD - CPR)
    Destination Clock Delay (DCD):    0.890ns
    Source Clock Delay      (SCD):    0.480ns
    Clock Pessimism Removal (CPR):    0.265ns

    Location             Delay type                Incr(ns)  Path(ns)    Netlist Resource(s)
  -------------------------------------------------------------------    -------------------
                         (clock clk rise edge)        0.000     0.000 r  
                                                      0.000     0.000 r  clk (IN)
                         net (fo=0)                   0.000     0.000    clk
                         IBUF (Prop_ibuf_I_O)         0.094     0.094 r  clk_IBUF_inst/O
                         net (fo=1, unplaced)         0.246     0.340    clk_IBUF
                         BUFG (Prop_bufg_I_O)         0.026     0.366 r  clk_IBUF_BUFG_inst/O
                         net (fo=690, unplaced)       0.114     0.480    u_a/u_descr/u_scrambler/clk_IBUF_BUFG
                         FDSE                                         r  u_a/u_descr/u_scrambler/lfsr_reg[4]/C
  -------------------------------------------------------------------    -------------------
                         FDSE (Prop_fdse_C_Q)         0.100     0.580 r  u_a/u_descr/u_scrambler/lfsr_reg[4]/Q
                         net (fo=1, unplaced)         0.102     0.682    u_a/u_descr/u_scrambler/p_12_in
                         LUT2 (Prop_lut2_I1_O)        0.064     0.746 r  u_a/u_descr/u_scrambler/lfsr[12]_i_1/O
                         net (fo=1, unplaced)         0.000     0.746    u_a/u_descr/u_scrambler/nxt[12]
                         FDSE                                         r  u_a/u_descr/u_scrambler/lfsr_reg[12]/D
  -------------------------------------------------------------------    -------------------

                         (clock clk rise edge)        0.000     0.000 r  
                                                      0.000     0.000 r  clk (IN)
                         net (fo=0)                   0.000     0.000    clk
                         IBUF (Prop_ibuf_I_O)         0.342     0.342 r  clk_IBUF_inst/O
                         net (fo=1, unplaced)         0.259     0.601    clk_IBUF
                         BUFG (Prop_bufg_I_O)         0.030     0.631 r  clk_IBUF_BUFG_inst/O
                         net (fo=690, unplaced)       0.259     0.890    u_a/u_descr/u_scrambler/clk_IBUF_BUFG
                         FDSE                                         r  u_a/u_descr/u_scrambler/lfsr_reg[12]/C
                         clock pessimism             -0.265     0.625    
                         FDSE (Hold_fdse_C_D)         0.065     0.690    u_a/u_descr/u_scrambler/lfsr_reg[12]
  -------------------------------------------------------------------
                         required time                         -0.690    
                         arrival time                           0.746    
  -------------------------------------------------------------------
                         slack                                  0.056    





Pulse Width Checks
--------------------------------------------------------------------------------------
Clock Name:         clk
Waveform(ns):       { 0.000 4.000 }
Period(ns):         8.000
Sources:            { clk }

Check Type        Corner  Lib Pin  Reference Pin  Required(ns)  Actual(ns)  Slack(ns)  Location  Pin
Min Period        n/a     BUFG/I   n/a            1.600         8.000       6.400                clk_IBUF_BUFG_inst/I
Low Pulse Width   Slow    FDRE/C   n/a            0.350         4.000       3.650                u_a/l0_data_reg/C
High Pulse Width  Slow    FDRE/C   n/a            0.350         4.000       3.650                u_a/l0_data_reg/C



